note: Sparks uses tangentVelocity/rotationAxis (not mapped)
note: Sparks uses tangentVelocity/rotationAxis (not mapped)
note: Sparks uses tangentVelocity/rotationAxis (not mapped)
note: SparkBlast uses tangentVelocity/rotationAxis (not mapped)
note: wrenches uses tangentVelocity/rotationAxis (not mapped)
note: Pyrotechnics particles uses tangentVelocity/rotationAxis (not mapped)
note: Fire uses tangentVelocity/rotationAxis (not mapped)
note: Sparks uses tangentVelocity/rotationAxis (not mapped)
note: Sparks uses tangentVelocity/rotationAxis (not mapped)
note: sparks uses tangentVelocity/rotationAxis (not mapped)
note: hit laser uses tangentVelocity/rotationAxis (not mapped)
note: hitlasersmall uses tangentVelocity/rotationAxis (not mapped)
note: Sparks uses tangentVelocity/rotationAxis (not mapped)
note: Sparks uses tangentVelocity/rotationAxis (not mapped)
note: Sparks uses tangentVelocity/rotationAxis (not mapped)
note: Sparks uses tangentVelocity/rotationAxis (not mapped)
note: Sparks uses tangentVelocity/rotationAxis (not mapped)
note: Sparks uses tangentVelocity/rotationAxis (not mapped)
note: Sparks uses tangentVelocity/rotationAxis (not mapped)
note: Sparks uses tangentVelocity/rotationAxis (not mapped)
note: Sparks uses tangentVelocity/rotationAxis (not mapped)
note: Sparks uses tangentVelocity/rotationAxis (not mapped)
note: Sparks uses tangentVelocity/rotationAxis (not mapped)
legacy particle systems converted: 91, not found: 0
