[run] start scene Assets/Scenes/CloudStrap.unity screen 640x480
[0,42] [Exception] ArgumentOutOfRangeException: Index was out of range. Must be non-negative and less than the size of the collection.
Parameter name: index
      System.Collections.Generic.List`1[T].get_Item (System.Int32 index) (at <c5ae8a4eeb824526b5df2932bc2395e0>:0)
      UnityEditor.Search.SearchDatabase+<EnumerateAll>d__78.MoveNext () (at <8aaef6a7a30a44989b26ade8169ec665>:0)
      System.Linq.Enumerable.TryGetFirst[TSource] (System.Collections.Generic.IEnumerable`1[T] source, System.Boolean& found) (at <f1b392d8fe224ca2b1f9fab1000b77eb>:0)
      System.Linq.Enumerable.First[TSource] (System.Collections.Generic.IEnumerable`1[T] source) (at <f1b392d8fe224ca2b1f9fab1000b77eb>:0)
      UnityEditor.Search.SearchDatabase.GetDefaultSearchDatabase () (at <8aaef6a7a30a44989b26ade8169ec665>:0)
      UnityEditor.Search.SearchInit.IndexationOnStartup () (at <8aaef6a7a30a44989b26ade8169ec665>:0)
      UnityEditor.EditorApplication.Internal_CallDelayFunctions () (at <86ff5cbd32484068aca9e84e94736ae0>:0)
      UnityEngine.StackTraceUtility:ExtractStringFromExceptionInternal(Object, String&, String&)
[0,44] [Warning] [RecoveryPending] AchievementManager.OnEnable
[0,44] [Warning] [RecoveryPending] PlayerInstance.Awake
[0,44] [Warning] [RecoveryPending] StreamManager.Awake
[0,44] [Warning] [RecoveryPending] CartPartList.OnEnable
[0,44] [Warning] [RecoveryPending] CartPrimaryTextureProfile.Awake
[0,44] [Warning] [RecoveryPending] ParticleLibrary.Awake
[0,44] [Warning] [RecoveryPending] SoundLibrary.Awake
[0,44] [Warning] [RecoveryPending] MusicPlayer.Awake
[0,45] [log] language is loaded
[0,46] [log] local keys are loaded
[0,46] [scene] -> Assets/Scenes/Front End/FrontEndTest.unity
[0,48] [log] *** LifeTimeMetrics:
Times Loaded : 7

[0,49] [Warning] [RecoveryPending] MusicPlayer.get_Instance
[0,50] [Warning] [RecoveryPending] PreviewCart.get_IsLoading
[0,50] [Warning] [RecoveryPending] PlayerInstance.Bootstrap
[0,50] [Warning] [RecoveryPending] PreviewCart.GenerateCartPreview
[0,50] [Warning] [RecoveryPending] CharacterPreview.Refresh
[0,50] [Warning] [RecoveryPending] StreamManager.Cleanup
[0,50] [Warning] [RecoveryPending] AchievementManager.InitFrontEndAchievements
[0,50] [Warning] [RecoveryPending] PlayerInstance.GetCartSlot
[0,50] [Exception] NullReferenceException: Object reference not set to an instance of an object
      ShiftUIPublisher.Start () (at Assets/Scripts/Assembly-CSharp/ShiftUIPublisher.cs:168)
      UnityEngine.StackTraceUtility:ExtractStringFromExceptionInternal(Object, String&, String&)
[0,50] [log] DataUtility: Start()
[0,50] [Warning] [RecoveryPending] BaseEffect.InitComboLookup
[0,50] [Warning] [RecoveryPending] PlayerInstance.Start
[0,50] [Warning] [RecoveryPending] StreamManager.Start
[0,50] [Warning] [RecoveryPending] TrackUnlockHelper.Start
[0,50] [Warning] [RecoveryPending] CartPartList.Start
[0,50] [log] No local archive exists at C:/Users/STEEP/AppData/LocalLow/Walt Disney/Speedway/PartCosts.epa
[0,50] [Warning] [RecoveryPending] ParticleLibrary.Start
[0,50] [Warning] [RecoveryPending] MusicPlayer.Start
[0,50] [Warning] [RecoveryPending] CharacterPreview.Update
[0,50] [Warning] [RecoveryPending] PreviewCart.Update
[0,50] [Warning] [RecoveryPending] ParticleLibrary.Update
[0,50] [Warning] [RecoveryPending] SoundLibrary.Update
[0,50] [Warning] [RecoveryPending] MusicPlayer.Update
[5,00] [click] obj 'settings button' -> (0.07, 0.08) (camera UghCamera, px (42.31, 39.52))
[5,01] [Warning] [RecoveryPending] SoundLibrary.ButtonClickPlay
[9,00] [shot] playrun_clicksettings_09,0s.png (2 cameras: Main Camera, UghCamera)
[11,00] [shot] playrun_clicksettings_11,0s.png (2 cameras: Main Camera, UghCamera)
[dump] active roots: +UghInput, UghCamera, Drive Out Start, LIGHT on Character, Drive Out End, Garage, CharacterPreview, ShifterUI, Cart Preview, CartFader, light probes, Front End Logic and Camera, Light, Screen Background, Area Light, +EnsureGlobals, __LegacyLightmapRestorer, SettingsMenu(Clone)
[dump] DontDestroyOnLoad roots: +DataUtility, ScreenFader, CartPartList, ParticleLibrary, +StreamManager, CartPrimaryTextureProfile, +Localize, SoundLibrary, FadeHelper, +AchievementManager, +TrackUnlockHelper, +Screen Timeout Controller, +PlayerInstance
[dump] type not found none
[run] end. active scene: Assets/Scenes/Front End/FrontEndTest.unity
[run] distinct RecoveryPending members hit: 30
   PENDING PlayerInstance..ctor
   PENDING AchievementManager.OnEnable
   PENDING PlayerInstance.Awake
   PENDING StreamManager.Awake
   PENDING CartPartList.OnEnable
   PENDING CartPrimaryTextureProfile.Awake
   PENDING ParticleLibrary.Awake
   PENDING SoundLibrary.Awake
   PENDING MusicPlayer.Awake
   PENDING MusicPlayer.get_Instance
   PENDING PreviewCart.get_IsLoading
   PENDING PlayerInstance.Bootstrap
   PENDING PreviewCart.GenerateCartPreview
   PENDING CharacterPreview.Refresh
   PENDING StreamManager.Cleanup
   PENDING AchievementManager.InitFrontEndAchievements
   PENDING PlayerInstance.GetCartSlot
   PENDING BaseEffect.InitComboLookup
   PENDING PlayerInstance.Start
   PENDING StreamManager.Start
   PENDING TrackUnlockHelper.Start
   PENDING CartPartList.Start
   PENDING ParticleLibrary.Start
   PENDING MusicPlayer.Start
   PENDING CharacterPreview.Update
   PENDING PreviewCart.Update
   PENDING ParticleLibrary.Update
   PENDING SoundLibrary.Update
   PENDING MusicPlayer.Update
   PENDING SoundLibrary.ButtonClickPlay
